{"ok":true,"data":{"rows":[{"name":"read-widget","verb":"read","resource":"widget","expect":"allow","read_only":true,"status":"pass","actual":"allow"},{"name":"delete-widget","verb":"delete","resource":"widget","expect":"deny","read_only":false,"status":"skip","detail":"not a read-only row"}],"passed":1,"failed":0,"skipped":1},"meta":{"truncated":false,"next_offset":null,"count":2}}
